/Users/woodenship/Library/CloudStorage/GoogleDrive-web@pt-infashion.com (25-05-26 14.53)/Shared drives/WEB SERVER/LUTHFI/SAS_L/PPA/venv/lib/python3.9/site-packages/urllib3/__init__.py:35: NotOpenSSLWarning: urllib3 v2 only supports OpenSSL 1.1.1+, currently the 'ssl' module is compiled with 'LibreSSL 2.8.3'. See: https://github.com/urllib3/urllib3/issues/3020
  warnings.warn(
/Users/woodenship/Library/CloudStorage/GoogleDrive-web@pt-infashion.com (25-05-26 14.53)/Shared drives/WEB SERVER/LUTHFI/SAS_L/PPA/venv/lib/python3.9/site-packages/google/oauth2/__init__.py:40: FutureWarning: You are using a Python version 3.9 past its end of life. Google will update google-auth with critical bug fixes on a best-effort basis, but not with any other fixes or features. Please upgrade your Python version, and then update google-auth.
  warnings.warn(eol_message.format("3.9"), FutureWarning)
/Users/woodenship/Library/CloudStorage/GoogleDrive-web@pt-infashion.com (25-05-26 14.53)/Shared drives/WEB SERVER/LUTHFI/SAS_L/PPA/venv/lib/python3.9/site-packages/google/auth/__init__.py:54: FutureWarning: You are using a Python version 3.9 past its end of life. Google will update google-auth with critical bug fixes on a best-effort basis, but not with any other fixes or features. Please upgrade your Python version, and then update google-auth.
  warnings.warn(eol_message.format("3.9"), FutureWarning)
/Users/woodenship/Library/CloudStorage/GoogleDrive-web@pt-infashion.com (25-05-26 14.53)/Shared drives/WEB SERVER/LUTHFI/SAS_L/PPA/venv/lib/python3.9/site-packages/google/api_core/_python_version_support.py:242: FutureWarning: You are using a non-supported Python version (3.9.6). Google will not post any further updates to google.api_core supporting this Python version. Please upgrade to the latest Python version, or at least Python 3.10, and then update google.api_core.
  warnings.warn(message, FutureWarning)
/Users/woodenship/Library/CloudStorage/GoogleDrive-web@pt-infashion.com (25-05-26 14.53)/Shared drives/WEB SERVER/LUTHFI/SAS_L/PPA/venv/lib/python3.9/site-packages/urllib3/__init__.py:35: NotOpenSSLWarning: urllib3 v2 only supports OpenSSL 1.1.1+, currently the 'ssl' module is compiled with 'LibreSSL 2.8.3'. See: https://github.com/urllib3/urllib3/issues/3020
  warnings.warn(
/Users/woodenship/Library/CloudStorage/GoogleDrive-web@pt-infashion.com (25-05-26 14.53)/Shared drives/WEB SERVER/LUTHFI/SAS_L/PPA/venv/lib/python3.9/site-packages/google/oauth2/__init__.py:40: FutureWarning: You are using a Python version 3.9 past its end of life. Google will update google-auth with critical bug fixes on a best-effort basis, but not with any other fixes or features. Please upgrade your Python version, and then update google-auth.
  warnings.warn(eol_message.format("3.9"), FutureWarning)
/Users/woodenship/Library/CloudStorage/GoogleDrive-web@pt-infashion.com (25-05-26 14.53)/Shared drives/WEB SERVER/LUTHFI/SAS_L/PPA/venv/lib/python3.9/site-packages/google/auth/__init__.py:54: FutureWarning: You are using a Python version 3.9 past its end of life. Google will update google-auth with critical bug fixes on a best-effort basis, but not with any other fixes or features. Please upgrade your Python version, and then update google-auth.
  warnings.warn(eol_message.format("3.9"), FutureWarning)
/Users/woodenship/Library/CloudStorage/GoogleDrive-web@pt-infashion.com (25-05-26 14.53)/Shared drives/WEB SERVER/LUTHFI/SAS_L/PPA/venv/lib/python3.9/site-packages/google/api_core/_python_version_support.py:242: FutureWarning: You are using a non-supported Python version (3.9.6). Google will not post any further updates to google.api_core supporting this Python version. Please upgrade to the latest Python version, or at least Python 3.10, and then update google.api_core.
  warnings.warn(message, FutureWarning)
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

===== cron_fetch run @ 2026-06-20 11:00:05 =====
Fetched 10806 products
Data uploaded to Google Sheets ✅
Wrote 10104 files to 'Links storage'
===== done =====
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

===== cron_fetch run @ 2026-06-20 11:00:06 =====
Fetched 10806 products
Data uploaded to Google Sheets ✅
Wrote 10104 files to 'Links storage'
===== done =====
/Users/woodenship/Library/CloudStorage/GoogleDrive-web@pt-infashion.com (25-05-26 14.53)/Shared drives/WEB SERVER/LUTHFI/SAS_L/PPA/venv/lib/python3.9/site-packages/urllib3/__init__.py:35: NotOpenSSLWarning: urllib3 v2 only supports OpenSSL 1.1.1+, currently the 'ssl' module is compiled with 'LibreSSL 2.8.3'. See: https://github.com/urllib3/urllib3/issues/3020
  warnings.warn(
/Users/woodenship/Library/CloudStorage/GoogleDrive-web@pt-infashion.com (25-05-26 14.53)/Shared drives/WEB SERVER/LUTHFI/SAS_L/PPA/venv/lib/python3.9/site-packages/urllib3/__init__.py:35: NotOpenSSLWarning: urllib3 v2 only supports OpenSSL 1.1.1+, currently the 'ssl' module is compiled with 'LibreSSL 2.8.3'. See: https://github.com/urllib3/urllib3/issues/3020
  warnings.warn(
/Users/woodenship/Library/CloudStorage/GoogleDrive-web@pt-infashion.com (25-05-26 14.53)/Shared drives/WEB SERVER/LUTHFI/SAS_L/PPA/venv/lib/python3.9/site-packages/google/oauth2/__init__.py:40: FutureWarning: You are using a Python version 3.9 past its end of life. Google will update google-auth with critical bug fixes on a best-effort basis, but not with any other fixes or features. Please upgrade your Python version, and then update google-auth.
  warnings.warn(eol_message.format("3.9"), FutureWarning)
/Users/woodenship/Library/CloudStorage/GoogleDrive-web@pt-infashion.com (25-05-26 14.53)/Shared drives/WEB SERVER/LUTHFI/SAS_L/PPA/venv/lib/python3.9/site-packages/google/auth/__init__.py:54: FutureWarning: You are using a Python version 3.9 past its end of life. Google will update google-auth with critical bug fixes on a best-effort basis, but not with any other fixes or features. Please upgrade your Python version, and then update google-auth.
  warnings.warn(eol_message.format("3.9"), FutureWarning)
/Users/woodenship/Library/CloudStorage/GoogleDrive-web@pt-infashion.com (25-05-26 14.53)/Shared drives/WEB SERVER/LUTHFI/SAS_L/PPA/venv/lib/python3.9/site-packages/google/api_core/_python_version_support.py:242: FutureWarning: You are using a non-supported Python version (3.9.6). Google will not post any further updates to google.api_core supporting this Python version. Please upgrade to the latest Python version, or at least Python 3.10, and then update google.api_core.
  warnings.warn(message, FutureWarning)
/Users/woodenship/Library/CloudStorage/GoogleDrive-web@pt-infashion.com (25-05-26 14.53)/Shared drives/WEB SERVER/LUTHFI/SAS_L/PPA/venv/lib/python3.9/site-packages/google/oauth2/__init__.py:40: FutureWarning: You are using a Python version 3.9 past its end of life. Google will update google-auth with critical bug fixes on a best-effort basis, but not with any other fixes or features. Please upgrade your Python version, and then update google-auth.
  warnings.warn(eol_message.format("3.9"), FutureWarning)
/Users/woodenship/Library/CloudStorage/GoogleDrive-web@pt-infashion.com (25-05-26 14.53)/Shared drives/WEB SERVER/LUTHFI/SAS_L/PPA/venv/lib/python3.9/site-packages/google/auth/__init__.py:54: FutureWarning: You are using a Python version 3.9 past its end of life. Google will update google-auth with critical bug fixes on a best-effort basis, but not with any other fixes or features. Please upgrade your Python version, and then update google-auth.
  warnings.warn(eol_message.format("3.9"), FutureWarning)
/Users/woodenship/Library/CloudStorage/GoogleDrive-web@pt-infashion.com (25-05-26 14.53)/Shared drives/WEB SERVER/LUTHFI/SAS_L/PPA/venv/lib/python3.9/site-packages/google/api_core/_python_version_support.py:242: FutureWarning: You are using a non-supported Python version (3.9.6). Google will not post any further updates to google.api_core supporting this Python version. Please upgrade to the latest Python version, or at least Python 3.10, and then update google.api_core.
  warnings.warn(message, FutureWarning)
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

===== cron_fetch run @ 2026-06-20 12:00:04 =====
Fetched 10807 products
Data uploaded to Google Sheets ✅
Wrote 10108 files to 'Links storage'
===== done =====
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

===== cron_fetch run @ 2026-06-20 12:00:04 =====
Fetched 10807 products
Data uploaded to Google Sheets ✅
Wrote 10108 files to 'Links storage'
===== done =====
/Users/woodenship/Library/CloudStorage/GoogleDrive-web@pt-infashion.com (25-05-26 14.53)/Shared drives/WEB SERVER/LUTHFI/SAS_L/PPA/venv/lib/python3.9/site-packages/urllib3/__init__.py:35: NotOpenSSLWarning: urllib3 v2 only supports OpenSSL 1.1.1+, currently the 'ssl' module is compiled with 'LibreSSL 2.8.3'. See: https://github.com/urllib3/urllib3/issues/3020
  warnings.warn(
/Users/woodenship/Library/CloudStorage/GoogleDrive-web@pt-infashion.com (25-05-26 14.53)/Shared drives/WEB SERVER/LUTHFI/SAS_L/PPA/venv/lib/python3.9/site-packages/urllib3/__init__.py:35: NotOpenSSLWarning: urllib3 v2 only supports OpenSSL 1.1.1+, currently the 'ssl' module is compiled with 'LibreSSL 2.8.3'. See: https://github.com/urllib3/urllib3/issues/3020
  warnings.warn(
/Users/woodenship/Library/CloudStorage/GoogleDrive-web@pt-infashion.com (25-05-26 14.53)/Shared drives/WEB SERVER/LUTHFI/SAS_L/PPA/venv/lib/python3.9/site-packages/google/oauth2/__init__.py:40: FutureWarning: You are using a Python version 3.9 past its end of life. Google will update google-auth with critical bug fixes on a best-effort basis, but not with any other fixes or features. Please upgrade your Python version, and then update google-auth.
  warnings.warn(eol_message.format("3.9"), FutureWarning)
/Users/woodenship/Library/CloudStorage/GoogleDrive-web@pt-infashion.com (25-05-26 14.53)/Shared drives/WEB SERVER/LUTHFI/SAS_L/PPA/venv/lib/python3.9/site-packages/google/auth/__init__.py:54: FutureWarning: You are using a Python version 3.9 past its end of life. Google will update google-auth with critical bug fixes on a best-effort basis, but not with any other fixes or features. Please upgrade your Python version, and then update google-auth.
  warnings.warn(eol_message.format("3.9"), FutureWarning)
/Users/woodenship/Library/CloudStorage/GoogleDrive-web@pt-infashion.com (25-05-26 14.53)/Shared drives/WEB SERVER/LUTHFI/SAS_L/PPA/venv/lib/python3.9/site-packages/google/api_core/_python_version_support.py:242: FutureWarning: You are using a non-supported Python version (3.9.6). Google will not post any further updates to google.api_core supporting this Python version. Please upgrade to the latest Python version, or at least Python 3.10, and then update google.api_core.
  warnings.warn(message, FutureWarning)
/Users/woodenship/Library/CloudStorage/GoogleDrive-web@pt-infashion.com (25-05-26 14.53)/Shared drives/WEB SERVER/LUTHFI/SAS_L/PPA/venv/lib/python3.9/site-packages/google/oauth2/__init__.py:40: FutureWarning: You are using a Python version 3.9 past its end of life. Google will update google-auth with critical bug fixes on a best-effort basis, but not with any other fixes or features. Please upgrade your Python version, and then update google-auth.
  warnings.warn(eol_message.format("3.9"), FutureWarning)
/Users/woodenship/Library/CloudStorage/GoogleDrive-web@pt-infashion.com (25-05-26 14.53)/Shared drives/WEB SERVER/LUTHFI/SAS_L/PPA/venv/lib/python3.9/site-packages/google/auth/__init__.py:54: FutureWarning: You are using a Python version 3.9 past its end of life. Google will update google-auth with critical bug fixes on a best-effort basis, but not with any other fixes or features. Please upgrade your Python version, and then update google-auth.
  warnings.warn(eol_message.format("3.9"), FutureWarning)
/Users/woodenship/Library/CloudStorage/GoogleDrive-web@pt-infashion.com (25-05-26 14.53)/Shared drives/WEB SERVER/LUTHFI/SAS_L/PPA/venv/lib/python3.9/site-packages/google/api_core/_python_version_support.py:242: FutureWarning: You are using a non-supported Python version (3.9.6). Google will not post any further updates to google.api_core supporting this Python version. Please upgrade to the latest Python version, or at least Python 3.10, and then update google.api_core.
  warnings.warn(message, FutureWarning)
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

===== cron_fetch run @ 2026-06-20 13:00:04 =====
Fetched 10809 products
Data uploaded to Google Sheets ✅
Wrote 10113 files to 'Links storage'
===== done =====
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

===== cron_fetch run @ 2026-06-20 13:00:03 =====
Fetched 10809 products
Data uploaded to Google Sheets ✅
Wrote 10113 files to 'Links storage'
===== done =====
/Users/woodenship/Library/CloudStorage/GoogleDrive-web@pt-infashion.com (25-05-26 14.53)/Shared drives/WEB SERVER/LUTHFI/SAS_L/PPA/venv/lib/python3.9/site-packages/urllib3/__init__.py:35: NotOpenSSLWarning: urllib3 v2 only supports OpenSSL 1.1.1+, currently the 'ssl' module is compiled with 'LibreSSL 2.8.3'. See: https://github.com/urllib3/urllib3/issues/3020
  warnings.warn(
/Users/woodenship/Library/CloudStorage/GoogleDrive-web@pt-infashion.com (25-05-26 14.53)/Shared drives/WEB SERVER/LUTHFI/SAS_L/PPA/venv/lib/python3.9/site-packages/google/oauth2/__init__.py:40: FutureWarning: You are using a Python version 3.9 past its end of life. Google will update google-auth with critical bug fixes on a best-effort basis, but not with any other fixes or features. Please upgrade your Python version, and then update google-auth.
  warnings.warn(eol_message.format("3.9"), FutureWarning)
/Users/woodenship/Library/CloudStorage/GoogleDrive-web@pt-infashion.com (25-05-26 14.53)/Shared drives/WEB SERVER/LUTHFI/SAS_L/PPA/venv/lib/python3.9/site-packages/google/auth/__init__.py:54: FutureWarning: You are using a Python version 3.9 past its end of life. Google will update google-auth with critical bug fixes on a best-effort basis, but not with any other fixes or features. Please upgrade your Python version, and then update google-auth.
  warnings.warn(eol_message.format("3.9"), FutureWarning)
/Users/woodenship/Library/CloudStorage/GoogleDrive-web@pt-infashion.com (25-05-26 14.53)/Shared drives/WEB SERVER/LUTHFI/SAS_L/PPA/venv/lib/python3.9/site-packages/google/api_core/_python_version_support.py:242: FutureWarning: You are using a non-supported Python version (3.9.6). Google will not post any further updates to google.api_core supporting this Python version. Please upgrade to the latest Python version, or at least Python 3.10, and then update google.api_core.
  warnings.warn(message, FutureWarning)
/Users/woodenship/Library/CloudStorage/GoogleDrive-web@pt-infashion.com (25-05-26 14.53)/Shared drives/WEB SERVER/LUTHFI/SAS_L/PPA/venv/lib/python3.9/site-packages/urllib3/__init__.py:35: NotOpenSSLWarning: urllib3 v2 only supports OpenSSL 1.1.1+, currently the 'ssl' module is compiled with 'LibreSSL 2.8.3'. See: https://github.com/urllib3/urllib3/issues/3020
  warnings.warn(
/Users/woodenship/Library/CloudStorage/GoogleDrive-web@pt-infashion.com (25-05-26 14.53)/Shared drives/WEB SERVER/LUTHFI/SAS_L/PPA/venv/lib/python3.9/site-packages/google/oauth2/__init__.py:40: FutureWarning: You are using a Python version 3.9 past its end of life. Google will update google-auth with critical bug fixes on a best-effort basis, but not with any other fixes or features. Please upgrade your Python version, and then update google-auth.
  warnings.warn(eol_message.format("3.9"), FutureWarning)
/Users/woodenship/Library/CloudStorage/GoogleDrive-web@pt-infashion.com (25-05-26 14.53)/Shared drives/WEB SERVER/LUTHFI/SAS_L/PPA/venv/lib/python3.9/site-packages/google/auth/__init__.py:54: FutureWarning: You are using a Python version 3.9 past its end of life. Google will update google-auth with critical bug fixes on a best-effort basis, but not with any other fixes or features. Please upgrade your Python version, and then update google-auth.
  warnings.warn(eol_message.format("3.9"), FutureWarning)
/Users/woodenship/Library/CloudStorage/GoogleDrive-web@pt-infashion.com (25-05-26 14.53)/Shared drives/WEB SERVER/LUTHFI/SAS_L/PPA/venv/lib/python3.9/site-packages/google/api_core/_python_version_support.py:242: FutureWarning: You are using a non-supported Python version (3.9.6). Google will not post any further updates to google.api_core supporting this Python version. Please upgrade to the latest Python version, or at least Python 3.10, and then update google.api_core.
  warnings.warn(message, FutureWarning)
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

===== cron_fetch run @ 2026-06-20 14:00:04 =====
Fetched 10809 products
Data uploaded to Google Sheets ✅
Wrote 10116 files to 'Links storage'
===== done =====
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

===== cron_fetch run @ 2026-06-20 14:00:05 =====
Fetched 10809 products
Data uploaded to Google Sheets ✅
Wrote 10116 files to 'Links storage'
===== done =====
/Users/woodenship/Library/CloudStorage/GoogleDrive-web@pt-infashion.com (25-05-26 14.53)/Shared drives/WEB SERVER/LUTHFI/SAS_L/PPA/venv/lib/python3.9/site-packages/urllib3/__init__.py:35: NotOpenSSLWarning: urllib3 v2 only supports OpenSSL 1.1.1+, currently the 'ssl' module is compiled with 'LibreSSL 2.8.3'. See: https://github.com/urllib3/urllib3/issues/3020
  warnings.warn(
/Users/woodenship/Library/CloudStorage/GoogleDrive-web@pt-infashion.com (25-05-26 14.53)/Shared drives/WEB SERVER/LUTHFI/SAS_L/PPA/venv/lib/python3.9/site-packages/google/oauth2/__init__.py:40: FutureWarning: You are using a Python version 3.9 past its end of life. Google will update google-auth with critical bug fixes on a best-effort basis, but not with any other fixes or features. Please upgrade your Python version, and then update google-auth.
  warnings.warn(eol_message.format("3.9"), FutureWarning)
/Users/woodenship/Library/CloudStorage/GoogleDrive-web@pt-infashion.com (25-05-26 14.53)/Shared drives/WEB SERVER/LUTHFI/SAS_L/PPA/venv/lib/python3.9/site-packages/google/auth/__init__.py:54: FutureWarning: You are using a Python version 3.9 past its end of life. Google will update google-auth with critical bug fixes on a best-effort basis, but not with any other fixes or features. Please upgrade your Python version, and then update google-auth.
  warnings.warn(eol_message.format("3.9"), FutureWarning)
/Users/woodenship/Library/CloudStorage/GoogleDrive-web@pt-infashion.com (25-05-26 14.53)/Shared drives/WEB SERVER/LUTHFI/SAS_L/PPA/venv/lib/python3.9/site-packages/google/api_core/_python_version_support.py:242: FutureWarning: You are using a non-supported Python version (3.9.6). Google will not post any further updates to google.api_core supporting this Python version. Please upgrade to the latest Python version, or at least Python 3.10, and then update google.api_core.
  warnings.warn(message, FutureWarning)
/Users/woodenship/Library/CloudStorage/GoogleDrive-web@pt-infashion.com (25-05-26 14.53)/Shared drives/WEB SERVER/LUTHFI/SAS_L/PPA/venv/lib/python3.9/site-packages/urllib3/__init__.py:35: NotOpenSSLWarning: urllib3 v2 only supports OpenSSL 1.1.1+, currently the 'ssl' module is compiled with 'LibreSSL 2.8.3'. See: https://github.com/urllib3/urllib3/issues/3020
  warnings.warn(
/Users/woodenship/Library/CloudStorage/GoogleDrive-web@pt-infashion.com (25-05-26 14.53)/Shared drives/WEB SERVER/LUTHFI/SAS_L/PPA/venv/lib/python3.9/site-packages/google/oauth2/__init__.py:40: FutureWarning: You are using a Python version 3.9 past its end of life. Google will update google-auth with critical bug fixes on a best-effort basis, but not with any other fixes or features. Please upgrade your Python version, and then update google-auth.
  warnings.warn(eol_message.format("3.9"), FutureWarning)
/Users/woodenship/Library/CloudStorage/GoogleDrive-web@pt-infashion.com (25-05-26 14.53)/Shared drives/WEB SERVER/LUTHFI/SAS_L/PPA/venv/lib/python3.9/site-packages/google/auth/__init__.py:54: FutureWarning: You are using a Python version 3.9 past its end of life. Google will update google-auth with critical bug fixes on a best-effort basis, but not with any other fixes or features. Please upgrade your Python version, and then update google-auth.
  warnings.warn(eol_message.format("3.9"), FutureWarning)
/Users/woodenship/Library/CloudStorage/GoogleDrive-web@pt-infashion.com (25-05-26 14.53)/Shared drives/WEB SERVER/LUTHFI/SAS_L/PPA/venv/lib/python3.9/site-packages/google/api_core/_python_version_support.py:242: FutureWarning: You are using a non-supported Python version (3.9.6). Google will not post any further updates to google.api_core supporting this Python version. Please upgrade to the latest Python version, or at least Python 3.10, and then update google.api_core.
  warnings.warn(message, FutureWarning)
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

===== cron_fetch run @ 2026-06-20 15:00:05 =====
Fetched 10811 products
Data uploaded to Google Sheets ✅
Wrote 10116 files to 'Links storage'
===== done =====
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

===== cron_fetch run @ 2026-06-20 15:00:04 =====
Fetched 10811 products
Data uploaded to Google Sheets ✅
Wrote 10116 files to 'Links storage'
===== done =====
/Users/woodenship/Library/CloudStorage/GoogleDrive-web@pt-infashion.com (25-05-26 14.53)/Shared drives/WEB SERVER/LUTHFI/SAS_L/PPA/venv/lib/python3.9/site-packages/urllib3/__init__.py:35: NotOpenSSLWarning: urllib3 v2 only supports OpenSSL 1.1.1+, currently the 'ssl' module is compiled with 'LibreSSL 2.8.3'. See: https://github.com/urllib3/urllib3/issues/3020
  warnings.warn(
/Users/woodenship/Library/CloudStorage/GoogleDrive-web@pt-infashion.com (25-05-26 14.53)/Shared drives/WEB SERVER/LUTHFI/SAS_L/PPA/venv/lib/python3.9/site-packages/urllib3/__init__.py:35: NotOpenSSLWarning: urllib3 v2 only supports OpenSSL 1.1.1+, currently the 'ssl' module is compiled with 'LibreSSL 2.8.3'. See: https://github.com/urllib3/urllib3/issues/3020
  warnings.warn(
/Users/woodenship/Library/CloudStorage/GoogleDrive-web@pt-infashion.com (25-05-26 14.53)/Shared drives/WEB SERVER/LUTHFI/SAS_L/PPA/venv/lib/python3.9/site-packages/google/oauth2/__init__.py:40: FutureWarning: You are using a Python version 3.9 past its end of life. Google will update google-auth with critical bug fixes on a best-effort basis, but not with any other fixes or features. Please upgrade your Python version, and then update google-auth.
  warnings.warn(eol_message.format("3.9"), FutureWarning)
/Users/woodenship/Library/CloudStorage/GoogleDrive-web@pt-infashion.com (25-05-26 14.53)/Shared drives/WEB SERVER/LUTHFI/SAS_L/PPA/venv/lib/python3.9/site-packages/google/auth/__init__.py:54: FutureWarning: You are using a Python version 3.9 past its end of life. Google will update google-auth with critical bug fixes on a best-effort basis, but not with any other fixes or features. Please upgrade your Python version, and then update google-auth.
  warnings.warn(eol_message.format("3.9"), FutureWarning)
/Users/woodenship/Library/CloudStorage/GoogleDrive-web@pt-infashion.com (25-05-26 14.53)/Shared drives/WEB SERVER/LUTHFI/SAS_L/PPA/venv/lib/python3.9/site-packages/google/oauth2/__init__.py:40: FutureWarning: You are using a Python version 3.9 past its end of life. Google will update google-auth with critical bug fixes on a best-effort basis, but not with any other fixes or features. Please upgrade your Python version, and then update google-auth.
  warnings.warn(eol_message.format("3.9"), FutureWarning)
/Users/woodenship/Library/CloudStorage/GoogleDrive-web@pt-infashion.com (25-05-26 14.53)/Shared drives/WEB SERVER/LUTHFI/SAS_L/PPA/venv/lib/python3.9/site-packages/google/auth/__init__.py:54: FutureWarning: You are using a Python version 3.9 past its end of life. Google will update google-auth with critical bug fixes on a best-effort basis, but not with any other fixes or features. Please upgrade your Python version, and then update google-auth.
  warnings.warn(eol_message.format("3.9"), FutureWarning)
/Users/woodenship/Library/CloudStorage/GoogleDrive-web@pt-infashion.com (25-05-26 14.53)/Shared drives/WEB SERVER/LUTHFI/SAS_L/PPA/venv/lib/python3.9/site-packages/google/api_core/_python_version_support.py:242: FutureWarning: You are using a non-supported Python version (3.9.6). Google will not post any further updates to google.api_core supporting this Python version. Please upgrade to the latest Python version, or at least Python 3.10, and then update google.api_core.
  warnings.warn(message, FutureWarning)
/Users/woodenship/Library/CloudStorage/GoogleDrive-web@pt-infashion.com (25-05-26 14.53)/Shared drives/WEB SERVER/LUTHFI/SAS_L/PPA/venv/lib/python3.9/site-packages/google/api_core/_python_version_support.py:242: FutureWarning: You are using a non-supported Python version (3.9.6). Google will not post any further updates to google.api_core supporting this Python version. Please upgrade to the latest Python version, or at least Python 3.10, and then update google.api_core.
  warnings.warn(message, FutureWarning)
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

===== cron_fetch run @ 2026-06-22 09:00:04 =====
Fetched 10811 products
Data uploaded to Google Sheets ✅
Wrote 10116 files to 'Links storage'
===== done =====
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

===== cron_fetch run @ 2026-06-22 09:00:04 =====
Fetched 10811 products
Data uploaded to Google Sheets ✅
Wrote 10116 files to 'Links storage'
===== done =====
/Users/woodenship/Library/CloudStorage/GoogleDrive-web@pt-infashion.com (25-05-26 14.53)/Shared drives/WEB SERVER/LUTHFI/SAS_L/PPA/venv/lib/python3.9/site-packages/urllib3/__init__.py:35: NotOpenSSLWarning: urllib3 v2 only supports OpenSSL 1.1.1+, currently the 'ssl' module is compiled with 'LibreSSL 2.8.3'. See: https://github.com/urllib3/urllib3/issues/3020
  warnings.warn(
/Users/woodenship/Library/CloudStorage/GoogleDrive-web@pt-infashion.com (25-05-26 14.53)/Shared drives/WEB SERVER/LUTHFI/SAS_L/PPA/venv/lib/python3.9/site-packages/urllib3/__init__.py:35: NotOpenSSLWarning: urllib3 v2 only supports OpenSSL 1.1.1+, currently the 'ssl' module is compiled with 'LibreSSL 2.8.3'. See: https://github.com/urllib3/urllib3/issues/3020
  warnings.warn(
/Users/woodenship/Library/CloudStorage/GoogleDrive-web@pt-infashion.com (25-05-26 14.53)/Shared drives/WEB SERVER/LUTHFI/SAS_L/PPA/venv/lib/python3.9/site-packages/google/oauth2/__init__.py:40: FutureWarning: You are using a Python version 3.9 past its end of life. Google will update google-auth with critical bug fixes on a best-effort basis, but not with any other fixes or features. Please upgrade your Python version, and then update google-auth.
  warnings.warn(eol_message.format("3.9"), FutureWarning)
/Users/woodenship/Library/CloudStorage/GoogleDrive-web@pt-infashion.com (25-05-26 14.53)/Shared drives/WEB SERVER/LUTHFI/SAS_L/PPA/venv/lib/python3.9/site-packages/google/auth/__init__.py:54: FutureWarning: You are using a Python version 3.9 past its end of life. Google will update google-auth with critical bug fixes on a best-effort basis, but not with any other fixes or features. Please upgrade your Python version, and then update google-auth.
  warnings.warn(eol_message.format("3.9"), FutureWarning)
/Users/woodenship/Library/CloudStorage/GoogleDrive-web@pt-infashion.com (25-05-26 14.53)/Shared drives/WEB SERVER/LUTHFI/SAS_L/PPA/venv/lib/python3.9/site-packages/google/oauth2/__init__.py:40: FutureWarning: You are using a Python version 3.9 past its end of life. Google will update google-auth with critical bug fixes on a best-effort basis, but not with any other fixes or features. Please upgrade your Python version, and then update google-auth.
  warnings.warn(eol_message.format("3.9"), FutureWarning)
/Users/woodenship/Library/CloudStorage/GoogleDrive-web@pt-infashion.com (25-05-26 14.53)/Shared drives/WEB SERVER/LUTHFI/SAS_L/PPA/venv/lib/python3.9/site-packages/google/auth/__init__.py:54: FutureWarning: You are using a Python version 3.9 past its end of life. Google will update google-auth with critical bug fixes on a best-effort basis, but not with any other fixes or features. Please upgrade your Python version, and then update google-auth.
  warnings.warn(eol_message.format("3.9"), FutureWarning)
/Users/woodenship/Library/CloudStorage/GoogleDrive-web@pt-infashion.com (25-05-26 14.53)/Shared drives/WEB SERVER/LUTHFI/SAS_L/PPA/venv/lib/python3.9/site-packages/google/api_core/_python_version_support.py:242: FutureWarning: You are using a non-supported Python version (3.9.6). Google will not post any further updates to google.api_core supporting this Python version. Please upgrade to the latest Python version, or at least Python 3.10, and then update google.api_core.
  warnings.warn(message, FutureWarning)
/Users/woodenship/Library/CloudStorage/GoogleDrive-web@pt-infashion.com (25-05-26 14.53)/Shared drives/WEB SERVER/LUTHFI/SAS_L/PPA/venv/lib/python3.9/site-packages/google/api_core/_python_version_support.py:242: FutureWarning: You are using a non-supported Python version (3.9.6). Google will not post any further updates to google.api_core supporting this Python version. Please upgrade to the latest Python version, or at least Python 3.10, and then update google.api_core.
  warnings.warn(message, FutureWarning)
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

===== cron_fetch run @ 2026-06-22 10:00:03 =====
Fetched 10811 products
Data uploaded to Google Sheets ✅
Wrote 10116 files to 'Links storage'
===== done =====
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

===== cron_fetch run @ 2026-06-22 10:00:04 =====
Fetched 10811 products
Data uploaded to Google Sheets ✅
Wrote 10116 files to 'Links storage'
===== done =====
/Users/woodenship/Library/CloudStorage/GoogleDrive-web@pt-infashion.com (25-05-26 14.53)/Shared drives/WEB SERVER/LUTHFI/SAS_L/PPA/venv/lib/python3.9/site-packages/urllib3/__init__.py:35: NotOpenSSLWarning: urllib3 v2 only supports OpenSSL 1.1.1+, currently the 'ssl' module is compiled with 'LibreSSL 2.8.3'. See: https://github.com/urllib3/urllib3/issues/3020
  warnings.warn(
/Users/woodenship/Library/CloudStorage/GoogleDrive-web@pt-infashion.com (25-05-26 14.53)/Shared drives/WEB SERVER/LUTHFI/SAS_L/PPA/venv/lib/python3.9/site-packages/google/oauth2/__init__.py:40: FutureWarning: You are using a Python version 3.9 past its end of life. Google will update google-auth with critical bug fixes on a best-effort basis, but not with any other fixes or features. Please upgrade your Python version, and then update google-auth.
  warnings.warn(eol_message.format("3.9"), FutureWarning)
/Users/woodenship/Library/CloudStorage/GoogleDrive-web@pt-infashion.com (25-05-26 14.53)/Shared drives/WEB SERVER/LUTHFI/SAS_L/PPA/venv/lib/python3.9/site-packages/google/auth/__init__.py:54: FutureWarning: You are using a Python version 3.9 past its end of life. Google will update google-auth with critical bug fixes on a best-effort basis, but not with any other fixes or features. Please upgrade your Python version, and then update google-auth.
  warnings.warn(eol_message.format("3.9"), FutureWarning)
/Users/woodenship/Library/CloudStorage/GoogleDrive-web@pt-infashion.com (25-05-26 14.53)/Shared drives/WEB SERVER/LUTHFI/SAS_L/PPA/venv/lib/python3.9/site-packages/google/api_core/_python_version_support.py:242: FutureWarning: You are using a non-supported Python version (3.9.6). Google will not post any further updates to google.api_core supporting this Python version. Please upgrade to the latest Python version, or at least Python 3.10, and then update google.api_core.
  warnings.warn(message, FutureWarning)
/Users/woodenship/Library/CloudStorage/GoogleDrive-web@pt-infashion.com (25-05-26 14.53)/Shared drives/WEB SERVER/LUTHFI/SAS_L/PPA/venv/lib/python3.9/site-packages/urllib3/__init__.py:35: NotOpenSSLWarning: urllib3 v2 only supports OpenSSL 1.1.1+, currently the 'ssl' module is compiled with 'LibreSSL 2.8.3'. See: https://github.com/urllib3/urllib3/issues/3020
  warnings.warn(
/Users/woodenship/Library/CloudStorage/GoogleDrive-web@pt-infashion.com (25-05-26 14.53)/Shared drives/WEB SERVER/LUTHFI/SAS_L/PPA/venv/lib/python3.9/site-packages/google/oauth2/__init__.py:40: FutureWarning: You are using a Python version 3.9 past its end of life. Google will update google-auth with critical bug fixes on a best-effort basis, but not with any other fixes or features. Please upgrade your Python version, and then update google-auth.
  warnings.warn(eol_message.format("3.9"), FutureWarning)
/Users/woodenship/Library/CloudStorage/GoogleDrive-web@pt-infashion.com (25-05-26 14.53)/Shared drives/WEB SERVER/LUTHFI/SAS_L/PPA/venv/lib/python3.9/site-packages/google/auth/__init__.py:54: FutureWarning: You are using a Python version 3.9 past its end of life. Google will update google-auth with critical bug fixes on a best-effort basis, but not with any other fixes or features. Please upgrade your Python version, and then update google-auth.
  warnings.warn(eol_message.format("3.9"), FutureWarning)
/Users/woodenship/Library/CloudStorage/GoogleDrive-web@pt-infashion.com (25-05-26 14.53)/Shared drives/WEB SERVER/LUTHFI/SAS_L/PPA/venv/lib/python3.9/site-packages/google/api_core/_python_version_support.py:242: FutureWarning: You are using a non-supported Python version (3.9.6). Google will not post any further updates to google.api_core supporting this Python version. Please upgrade to the latest Python version, or at least Python 3.10, and then update google.api_core.
  warnings.warn(message, FutureWarning)
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

===== cron_fetch run @ 2026-06-22 11:00:04 =====
Fetched 10811 products
Data uploaded to Google Sheets ✅
Wrote 10116 files to 'Links storage'
===== done =====
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

===== cron_fetch run @ 2026-06-22 11:00:05 =====
Fetched 10811 products
Data uploaded to Google Sheets ✅
Wrote 10116 files to 'Links storage'
===== done =====
/Users/woodenship/Library/CloudStorage/GoogleDrive-web@pt-infashion.com (25-05-26 14.53)/Shared drives/WEB SERVER/LUTHFI/SAS_L/PPA/venv/lib/python3.9/site-packages/urllib3/__init__.py:35: NotOpenSSLWarning: urllib3 v2 only supports OpenSSL 1.1.1+, currently the 'ssl' module is compiled with 'LibreSSL 2.8.3'. See: https://github.com/urllib3/urllib3/issues/3020
  warnings.warn(
/Users/woodenship/Library/CloudStorage/GoogleDrive-web@pt-infashion.com (25-05-26 14.53)/Shared drives/WEB SERVER/LUTHFI/SAS_L/PPA/venv/lib/python3.9/site-packages/urllib3/__init__.py:35: NotOpenSSLWarning: urllib3 v2 only supports OpenSSL 1.1.1+, currently the 'ssl' module is compiled with 'LibreSSL 2.8.3'. See: https://github.com/urllib3/urllib3/issues/3020
  warnings.warn(
/Users/woodenship/Library/CloudStorage/GoogleDrive-web@pt-infashion.com (25-05-26 14.53)/Shared drives/WEB SERVER/LUTHFI/SAS_L/PPA/venv/lib/python3.9/site-packages/google/oauth2/__init__.py:40: FutureWarning: You are using a Python version 3.9 past its end of life. Google will update google-auth with critical bug fixes on a best-effort basis, but not with any other fixes or features. Please upgrade your Python version, and then update google-auth.
  warnings.warn(eol_message.format("3.9"), FutureWarning)
/Users/woodenship/Library/CloudStorage/GoogleDrive-web@pt-infashion.com (25-05-26 14.53)/Shared drives/WEB SERVER/LUTHFI/SAS_L/PPA/venv/lib/python3.9/site-packages/google/auth/__init__.py:54: FutureWarning: You are using a Python version 3.9 past its end of life. Google will update google-auth with critical bug fixes on a best-effort basis, but not with any other fixes or features. Please upgrade your Python version, and then update google-auth.
  warnings.warn(eol_message.format("3.9"), FutureWarning)
/Users/woodenship/Library/CloudStorage/GoogleDrive-web@pt-infashion.com (25-05-26 14.53)/Shared drives/WEB SERVER/LUTHFI/SAS_L/PPA/venv/lib/python3.9/site-packages/google/api_core/_python_version_support.py:242: FutureWarning: You are using a non-supported Python version (3.9.6). Google will not post any further updates to google.api_core supporting this Python version. Please upgrade to the latest Python version, or at least Python 3.10, and then update google.api_core.
  warnings.warn(message, FutureWarning)
/Users/woodenship/Library/CloudStorage/GoogleDrive-web@pt-infashion.com (25-05-26 14.53)/Shared drives/WEB SERVER/LUTHFI/SAS_L/PPA/venv/lib/python3.9/site-packages/google/oauth2/__init__.py:40: FutureWarning: You are using a Python version 3.9 past its end of life. Google will update google-auth with critical bug fixes on a best-effort basis, but not with any other fixes or features. Please upgrade your Python version, and then update google-auth.
  warnings.warn(eol_message.format("3.9"), FutureWarning)
/Users/woodenship/Library/CloudStorage/GoogleDrive-web@pt-infashion.com (25-05-26 14.53)/Shared drives/WEB SERVER/LUTHFI/SAS_L/PPA/venv/lib/python3.9/site-packages/google/auth/__init__.py:54: FutureWarning: You are using a Python version 3.9 past its end of life. Google will update google-auth with critical bug fixes on a best-effort basis, but not with any other fixes or features. Please upgrade your Python version, and then update google-auth.
  warnings.warn(eol_message.format("3.9"), FutureWarning)
/Users/woodenship/Library/CloudStorage/GoogleDrive-web@pt-infashion.com (25-05-26 14.53)/Shared drives/WEB SERVER/LUTHFI/SAS_L/PPA/venv/lib/python3.9/site-packages/google/api_core/_python_version_support.py:242: FutureWarning: You are using a non-supported Python version (3.9.6). Google will not post any further updates to google.api_core supporting this Python version. Please upgrade to the latest Python version, or at least Python 3.10, and then update google.api_core.
  warnings.warn(message, FutureWarning)
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

===== cron_fetch run @ 2026-06-22 12:00:04 =====
Fetched 10811 products
Data uploaded to Google Sheets ✅
Wrote 10120 files to 'Links storage'
===== done =====
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

===== cron_fetch run @ 2026-06-22 12:00:04 =====
Fetched 10811 products
Data uploaded to Google Sheets ✅
Wrote 10120 files to 'Links storage'
===== done =====
/Users/woodenship/Library/CloudStorage/GoogleDrive-web@pt-infashion.com (25-05-26 14.53)/Shared drives/WEB SERVER/LUTHFI/SAS_L/PPA/venv/lib/python3.9/site-packages/urllib3/__init__.py:35: NotOpenSSLWarning: urllib3 v2 only supports OpenSSL 1.1.1+, currently the 'ssl' module is compiled with 'LibreSSL 2.8.3'. See: https://github.com/urllib3/urllib3/issues/3020
  warnings.warn(
/Users/woodenship/Library/CloudStorage/GoogleDrive-web@pt-infashion.com (25-05-26 14.53)/Shared drives/WEB SERVER/LUTHFI/SAS_L/PPA/venv/lib/python3.9/site-packages/google/oauth2/__init__.py:40: FutureWarning: You are using a Python version 3.9 past its end of life. Google will update google-auth with critical bug fixes on a best-effort basis, but not with any other fixes or features. Please upgrade your Python version, and then update google-auth.
  warnings.warn(eol_message.format("3.9"), FutureWarning)
/Users/woodenship/Library/CloudStorage/GoogleDrive-web@pt-infashion.com (25-05-26 14.53)/Shared drives/WEB SERVER/LUTHFI/SAS_L/PPA/venv/lib/python3.9/site-packages/google/auth/__init__.py:54: FutureWarning: You are using a Python version 3.9 past its end of life. Google will update google-auth with critical bug fixes on a best-effort basis, but not with any other fixes or features. Please upgrade your Python version, and then update google-auth.
  warnings.warn(eol_message.format("3.9"), FutureWarning)
/Users/woodenship/Library/CloudStorage/GoogleDrive-web@pt-infashion.com (25-05-26 14.53)/Shared drives/WEB SERVER/LUTHFI/SAS_L/PPA/venv/lib/python3.9/site-packages/google/api_core/_python_version_support.py:242: FutureWarning: You are using a non-supported Python version (3.9.6). Google will not post any further updates to google.api_core supporting this Python version. Please upgrade to the latest Python version, or at least Python 3.10, and then update google.api_core.
  warnings.warn(message, FutureWarning)
/Users/woodenship/Library/CloudStorage/GoogleDrive-web@pt-infashion.com (25-05-26 14.53)/Shared drives/WEB SERVER/LUTHFI/SAS_L/PPA/venv/lib/python3.9/site-packages/urllib3/__init__.py:35: NotOpenSSLWarning: urllib3 v2 only supports OpenSSL 1.1.1+, currently the 'ssl' module is compiled with 'LibreSSL 2.8.3'. See: https://github.com/urllib3/urllib3/issues/3020
  warnings.warn(
/Users/woodenship/Library/CloudStorage/GoogleDrive-web@pt-infashion.com (25-05-26 14.53)/Shared drives/WEB SERVER/LUTHFI/SAS_L/PPA/venv/lib/python3.9/site-packages/google/oauth2/__init__.py:40: FutureWarning: You are using a Python version 3.9 past its end of life. Google will update google-auth with critical bug fixes on a best-effort basis, but not with any other fixes or features. Please upgrade your Python version, and then update google-auth.
  warnings.warn(eol_message.format("3.9"), FutureWarning)
/Users/woodenship/Library/CloudStorage/GoogleDrive-web@pt-infashion.com (25-05-26 14.53)/Shared drives/WEB SERVER/LUTHFI/SAS_L/PPA/venv/lib/python3.9/site-packages/google/auth/__init__.py:54: FutureWarning: You are using a Python version 3.9 past its end of life. Google will update google-auth with critical bug fixes on a best-effort basis, but not with any other fixes or features. Please upgrade your Python version, and then update google-auth.
  warnings.warn(eol_message.format("3.9"), FutureWarning)
/Users/woodenship/Library/CloudStorage/GoogleDrive-web@pt-infashion.com (25-05-26 14.53)/Shared drives/WEB SERVER/LUTHFI/SAS_L/PPA/venv/lib/python3.9/site-packages/google/api_core/_python_version_support.py:242: FutureWarning: You are using a non-supported Python version (3.9.6). Google will not post any further updates to google.api_core supporting this Python version. Please upgrade to the latest Python version, or at least Python 3.10, and then update google.api_core.
  warnings.warn(message, FutureWarning)
